
Administrator@0ab0b042538a58a MINGW64 ~ (feature1)
$ mkdir newIgnore

Administrator@0ab0b042538a58a MINGW64 ~ (feature1)
$ cd ne
NetHood/   newIgnore/

Administrator@0ab0b042538a58a MINGW64 ~ (feature1)
$ cd newIgnore/

Administrator@0ab0b042538a58a MINGW64 ~/newIgnore (feature1)
$ git init
Initialized empty Git repository in C:/Users/Administrator/newIgnore/.git/

Administrator@0ab0b042538a58a MINGW64 ~/newIgnore (master)
$ echo "Hii hello" >>abc.class

Administrator@0ab0b042538a58a MINGW64 ~/newIgnore (master)
$ git status
On branch master

No commits yet

Untracked files:
  (use "git add <file>..." to include in what will be committed)
        abc.class

nothing added to commit but untracked files present (use "git add" to track)

Administrator@0ab0b042538a58a MINGW64 ~/newIgnore (master)
$ git add .
warning: in the working copy of 'abc.class', LF will be replaced by CRLF the nex
t time Git touches it

Administrator@0ab0b042538a58a MINGW64 ~/newIgnore (master)
$ git commit -m "Class added"
[master (root-commit) cee88fc] Class added
 1 file changed, 1 insertion(+)
 create mode 100644 abc.class

Administrator@0ab0b042538a58a MINGW64 ~/newIgnore (master)
$ ls
abc.class

Administrator@0ab0b042538a58a MINGW64 ~/newIgnore (master)
$ ls -1
abc.class

Administrator@0ab0b042538a58a MINGW64 ~/newIgnore (master)
$ ls -a
./  ../  .git/  .gitignore  abc.class

Administrator@0ab0b042538a58a MINGW64 ~/newIgnore (master)
$ cp abc.classxyz.class
cp: missing destination file operand after 'abc.classxyz.class'
Try 'cp --help' for more information.

Administrator@0ab0b042538a58a MINGW64 ~/newIgnore (master)
$ cp abc.class xyz.class

Administrator@0ab0b042538a58a MINGW64 ~/newIgnore (master)
$ git status
On branch master
Untracked files:
  (use "git add <file>..." to include in what will be committed)
        .gitignore

nothing added to commit but untracked files present (use "git add" to track)

Administrator@0ab0b042538a58a MINGW64 ~/newIgnore (master)
$ echo "new line " >> abc.class

Administrator@0ab0b042538a58a MINGW64 ~/newIgnore (master)
$ git status
On branch master
Changes not staged for commit:
  (use "git add <file>..." to update what will be committed)
  (use "git restore <file>..." to discard changes in working directory)
        modified:   abc.class

Untracked files:
  (use "git add <file>..." to include in what will be committed)
        .gitignore

no changes added to commit (use "git add" and/or "git commit -a")

Administrator@0ab0b042538a58a MINGW64 ~/newIgnore (master)
$ git add .
warning: in the working copy of 'abc.class', LF will be replaced by CRLF the next time Git touches it

Administrator@0ab0b042538a58a MINGW64 ~/newIgnore (master)
$ git status
On branch master
Changes to be committed:
  (use "git restore --staged <file>..." to unstage)
        new file:   .gitignore
        modified:   abc.class


Administrator@0ab0b042538a58a MINGW64 ~/newIgnore (master)
$ git diff

Administrator@0ab0b042538a58a MINGW64 ~/newIgnore (master)
$ git diff --cached
diff --git a/.gitignore b/.gitignore
new file mode 100644
index 0000000..38105ec
--- /dev/null
+++ b/.gitignore
@@ -0,0 +1,24 @@
+# Compiled class file
+*.class
+
+# Log file
+*.log
+
+# BlueJ files
+*.ctxt
+
+# Mobile Tools for Java (J2ME)
+.mtj.tmp/
+
+# Package Files #
+*.jar
+*.war
+*.nar
+*.ear
+*.zip
+*.tar.gz
+*.rar
+
+# virtual machine crash logs, see http://www.java.com/en/download/help/error_hotspot.xml
+hs_err_pid*
+replay_pid*
\ No newline at end of file
diff --git a/abc.class b/abc.class
index 2b4a081..be58761 100644
--- a/abc.class
+++ b/abc.class
@@ -1 +1,2 @@
 Hii hello
+new line

